Starting CSV Report Generation...
CSV Header: ID, Value, Description
1,100.0,Sample Data 1
2,200.0,Sample Data 2
CSV Report Generated Successfully.